{
 "artifacts": [
  {
   "name": "package-1",
   "version": "1.0.1",
   "type": "deb",
   "foundBy": [
    "the-cataloger-1"
   ],
   "locations": [
    {
     "path": "/somefile-1.txt",
     "layerIndex": 0
    }
   ]
  },
  {
   "name": "package-2",
   "version": "2.0.1",
   "type": "deb",
   "foundBy": [
    "the-cataloger-2"
   ],
   "locations": [
    {
     "path": "/somefile-2.txt",
     "layerIndex": 1
    }
   ]
  }
 ],
 "source": {
  "type": "image",
  "target": {
   "layers": [
    {
     "mediaType": "application/vnd.docker.image.rootfs.diff.tar.gzip",
     "digest": "sha256:78783bfc74fef84f899b4977561ad1172f87753f82cc2157b06bf097e56dfbce",
     "size": 22
    },
    {
     "mediaType": "application/vnd.docker.image.rootfs.diff.tar.gzip",
     "digest": "sha256:54ec7f643dafbf9f27032a5e60afe06248c0e99b50aed54bb0fe28ea4825ccaf",
     "size": 16
    },
    {
     "mediaType": "application/vnd.docker.image.rootfs.diff.tar.gzip",
     "digest": "sha256:ec4775a139c45b1ddf9ea8e1cb43385e92e5c0bf6ec2e3f4192372785b18c106",
     "size": 27
    }
   ],
   "size": 65,
   "digest": "sha256:fedd7bcc0b90f071501b662d8e7c9ac7548b88daba6b3deedfdf33f22ed8d95b",
   "mediaType": "application/vnd.docker.distribution.manifest.v2+json",
   "tags": [
    "stereoscope-fixture-image-simple:04e16e44161c8888a1a963720fd0443cbf7eef8101434c431de8725cd98cc9f7"
   ],
   "distro": {
    "name": "UnknownDistroType",
    "version": ""
   }
  }
 }
}
